// Jest Snapshot v1, https://goo.gl/fbAQLP

exports[`FormTable creates form 1`] = `
<div>
  <table
    class="form-table"
    role="presentation"
  >
    <tbody>
      <form
        id="form-1"
      >
        <tr>
          <th
            scope="row"
          >
            <label
              for="i-1"
            >
              Input One
            </label>
          </th>
          <td>
            <input
              class="regular-text ltr"
              id="i-1"
              name="i-1"
              type="text"
              value=""
            />
          </td>
        </tr>
        <tr>
          <th
            scope="row"
          >
            <label
              for="s-1"
            >
              Select
            </label>
          </th>
          <td>
            <select>
              <option
                class="level-0"
                value="one"
              >
                One
              </option>
              <option
                class="level-0"
                value="two"
              >
                Two
              </option>
            </select>
          </td>
        </tr>
        <p
          class="submit"
        >
          <input
            class="button button-secondary button-hero"
            id="sub-1"
            name="sub-1"
            type="submit"
            value="Click Me"
          />
        </p>
      </form>
    </tbody>
  </table>
</div>
`;
